// Jest Snapshot v1, https://goo.gl/fbAQLP

exports[`it matches snapshot for Box in BoxList 1`] = `
<DocumentFragment>
  <div>
    <div
      class="Box"
    />
    <button
      class="Box-Button"
    >
      ‚ùå
    </button>
  </div>
</DocumentFragment>
`;
